
> forumapik@0.0.0 build
> docusaurus build

[INFO] [id] Creating an optimized production build...
node.exe : Warn: `docsDir` doesn't exist: 
"C:\Users\User\Documents\GitHub\forumapik\docs".
At line:1 char:1
+ & "C:\Program Files\nodejs/node.exe" "C:\Program Files\nodejs/node_mo ...
+ ~~~~~~~~~~~~~~~~~~~~~~~~~~~~~~~~~~~~~~~~~~~~~~~~~~~~~~~~~~~~~~~~~~~~~
    + CategoryInfo          : NotSpecified: (Warn: `docsDir`...orumapik\docs". 
   :String) [], RemoteException
    + FullyQualifiedErrorId : NativeCommandError
 
[90m[[90mwebpackbar[90m][39m [36m??[39m Compiling Client
[90m[[90mwebpackbar[90m][39m [36m??[39m Compiling Server
[90m[[90mwebpackbar[90m][39m [32m??[39m Server: Compiled successfully in 7.58s
(node:26672) [DEP0169] DeprecationWarning: `url.parse()` behavior is not 
standardized and prone to errors that have security implications. Use the 
WHATWG URL API instead. CVEs are not issued for `url.parse()` vulnerabilities.
(Use `node --trace-deprecation ...` to show where the warning was created)
[90m[[90mwebpackbar[90m][39m [32m??[39m Client: Compiled successfully in 14.46s

[ERROR] Error: Unable to build website for locale id.
    at tryToBuildLocale (C:\Users\User\Documents\GitHub\forumapik\node_modules\
@docusaurus\core\lib\commands\build\build.js:83:15)
    at async C:\Users\User\Documents\GitHub\forumapik\node_modules\@docusaurus\
core\lib\commands\build\build.js:35:9
    ... 4 lines matching cause stack trace ...
    at async file:///C:/Users/User/Documents/GitHub/forumapik/node_modules/@doc
usaurus/core/bin/docusaurus.mjs:44:3 {
  [cause]: Error: Docusaurus static site generation failed for 42 paths:
  - "/404.html"
  - "/berita"
  - "/berita/archive"
  - "/berita/authors"
  - "/berita/authors/apik"
  - "/berita/kolaborasi-apik-atdikbud"
  - "/berita/meet-the-team-pengurus-apik-2024-2026"
  - "/berita/mini-workshop-ai-pendidikan"
  - "/berita/perayaan-hut-ri-79-kbri-seoul"
  - "/berita/seminar-perjalanan-timur-ke-barat"
  - "/berita/tags"
  - "/berita/tags/ai"
  - "/berita/tags/argonne"
  - "/berita/tags/atdikbud"
  - "/berita/tags/dirgahayu"
  - "/berita/tags/generative-ai"
  - "/berita/tags/hut-ri"
  - "/berita/tags/karir"
  - "/berita/tags/kbri"
  - "/berita/tags/kbri-seoul"
  - "/berita/tags/kemerdekaan"
  - "/berita/tags/kepengurusan"
  - "/berita/tags/kerjasama"
  - "/berita/tags/kolaborasi"
  - "/berita/tags/organisasi"
  - "/berita/tags/pendidikan"
  - "/berita/tags/peneliti"
  - "/berita/tags/pengurus"
  - "/berita/tags/seminar"
  - "/berita/tags/tim"
  - "/berita/tags/webinar"
  - "/berita/tags/workshop"
  - "/keanggotaan/"
  - "/kerjasama/"
  - "/markdown-page"
  - "/organisasi/"
  - "/search"
  - "/tentang/logo"
  - "/tentang/pengurus"
  - "/tentang/sejarah"
  - "/tentang/visi-misi"
  - "/"
      at throwSSGError (C:\Users\User\Documents\GitHub\forumapik\node_modules\@
docusaurus\core\lib\ssg\ssgGlobalResult.js:56:11)
      at createGlobalSSGResult (C:\Users\User\Documents\GitHub\forumapik\node_m
odules\@docusaurus\core\lib\ssg\ssgGlobalResult.js:66:9)
      ... 11 lines matching cause stack trace ...
      at async file:///C:/Users/User/Documents/GitHub/forumapik/node_modules/@d
ocusaurus/core/bin/docusaurus.mjs:44:3 {
    [cause]: AggregateError
        at throwSSGError (C:\Users\User\Documents\GitHub\forumapik\node_modules
\@docusaurus\core\lib\ssg\ssgGlobalResult.js:57:16)
        at createGlobalSSGResult (C:\Users\User\Documents\GitHub\forumapik\node
_modules\@docusaurus\core\lib\ssg\ssgGlobalResult.js:66:9)
        at C:\Users\User\Documents\GitHub\forumapik\node_modules\@docusaurus\co
re\lib\ssg\ssgExecutor.js:30:68
        at async executeSSG (C:\Users\User\Documents\GitHub\forumapik\node_modu
les\@docusaurus\core\lib\ssg\ssgExecutor.js:144:20)
        at async buildLocale (C:\Users\User\Documents\GitHub\forumapik\node_mod
ules\@docusaurus\core\lib\commands\build\buildLocale.js:84:31)
        at async runBuildLocaleTask (C:\Users\User\Documents\GitHub\forumapik\n
ode_modules\@docusaurus\core\lib\commands\build\build.js:98:5)
        at async C:\Users\User\Documents\GitHub\forumapik\node_modules\@docusau
rus\core\lib\commands\build\build.js:79:13
        at async tryToBuildLocale (C:\Users\User\Documents\GitHub\forumapik\nod
e_modules\@docusaurus\core\lib\commands\build\build.js:75:9)
        at async C:\Users\User\Documents\GitHub\forumapik\node_modules\@docusau
rus\core\lib\commands\build\build.js:35:9
        at async mapAsyncSequential (C:\Users\User\Documents\GitHub\forumapik\n
ode_modules\@docusaurus\utils\lib\jsUtils.js:21:24)
        at async Command.build (C:\Users\User\Documents\GitHub\forumapik\node_m
odules\@docusaurus\core\lib\commands\build\build.js:34:5)
        at async Promise.all (index 0)
        at async runCLI (C:\Users\User\Documents\GitHub\forumapik\node_modules\
@docusaurus\core\lib\commands\cli.js:56:5)
        at async file:///C:/Users/User/Documents/GitHub/forumapik/node_modules/
@docusaurus/core/bin/docusaurus.mjs:44:3 {
      [errors]: [
        Error: Can't render static file for pathname "/404.html"
            at generateStaticFile (C:\Users\User\Documents\GitHub\forumapik\nod
e_modules\@docusaurus\core\lib\ssg\ssgRenderer.js:131:20)
            at async 
C:\Users\User\Documents\GitHub\forumapik\node_modules\p-map\index.js:57:22 {
          [cause]: Error: You are using a feature of the Docusaurus docs 
plugin, but this plugin does not seem to be enabled (pluginId=undefined
              at useDocsData (server.bundle.js:7452:376)
              at useActiveVersion (server.bundle.js:7456:51)
              ... 6 lines matching cause stack trace ...
              at retryNode (server.bundle.js:34288:16)
              at renderNodeDestructive (server.bundle.js:34082:7) {
            [cause]: Error: Docusaurus plugin global data not found for 
"docusaurus-plugin-content-docs" plugin with id "default".
                at usePluginData (server.bundle.js:6819:730)
                at useDocsData (server.bundle.js:7452:296)
                at useActiveVersion (server.bundle.js:7456:51)
                at SearchBar (server.bundle.js:12758:261)
                at renderWithHooks (server.bundle.js:33432:18)
                at renderElement (server.bundle.js:33570:14)
                at retryNode (server.bundle.js:34288:16)
                at renderNodeDestructive (server.bundle.js:34082:7)
                at renderElement (server.bundle.js:34015:11)
                at retryNode (server.bundle.js:34288:16)
          }
        },
        Error: Can't render static file for pathname "/berita"
            at generateStaticFile (C:\Users\User\Documents\GitHub\forumapik\nod
e_modules\@docusaurus\core\lib\ssg\ssgRenderer.js:131:20)
            at async 
C:\Users\User\Documents\GitHub\forumapik\node_modules\p-map\index.js:57:22 {
          [cause]: Error: You are using a feature of the Docusaurus docs 
plugin, but this plugin does not seem to be enabled (pluginId=undefined
              at useDocsData (server.bundle.js:7452:376)
              at useActiveVersion (server.bundle.js:7456:51)
              ... 6 lines matching cause stack trace ...
              at retryNode (server.bundle.js:34288:16)
              at renderNodeDestructive (server.bundle.js:34082:7) {
            [cause]: Error: Docusaurus plugin global data not found for 
"docusaurus-plugin-content-docs" plugin with id "default".
                at usePluginData (server.bundle.js:6819:730)
                at useDocsData (server.bundle.js:7452:296)
                at useActiveVersion (server.bundle.js:7456:51)
                at SearchBar (server.bundle.js:12758:261)
                at renderWithHooks (server.bundle.js:33432:18)
                at renderElement (server.bundle.js:33570:14)
                at retryNode (server.bundle.js:34288:16)
                at renderNodeDestructive (server.bundle.js:34082:7)
                at renderElement (server.bundle.js:34015:11)
                at retryNode (server.bundle.js:34288:16)
          }
        },
        Error: Can't render static file for pathname "/berita/archive"
            at generateStaticFile (C:\Users\User\Documents\GitHub\forumapik\nod
e_modules\@docusaurus\core\lib\ssg\ssgRenderer.js:131:20)
            at async 
C:\Users\User\Documents\GitHub\forumapik\node_modules\p-map\index.js:57:22 {
          [cause]: Error: You are using a feature of the Docusaurus docs 
plugin, but this plugin does not seem to be enabled (pluginId=undefined
              at useDocsData (server.bundle.js:7452:376)
              at useActiveVersion (server.bundle.js:7456:51)
              ... 6 lines matching cause stack trace ...
              at retryNode (server.bundle.js:34288:16)
              at renderNodeDestructive (server.bundle.js:34082:7) {
            [cause]: Error: Docusaurus plugin global data not found for 
"docusaurus-plugin-content-docs" plugin with id "default".
                at usePluginData (server.bundle.js:6819:730)
                at useDocsData (server.bundle.js:7452:296)
                at useActiveVersion (server.bundle.js:7456:51)
                at SearchBar (server.bundle.js:12758:261)
                at renderWithHooks (server.bundle.js:33432:18)
                at renderElement (server.bundle.js:33570:14)
                at retryNode (server.bundle.js:34288:16)
                at renderNodeDestructive (server.bundle.js:34082:7)
                at renderElement (server.bundle.js:34015:11)
                at retryNode (server.bundle.js:34288:16)
          }
        },
        Error: Can't render static file for pathname "/berita/authors"
            at generateStaticFile (C:\Users\User\Documents\GitHub\forumapik\nod
e_modules\@docusaurus\core\lib\ssg\ssgRenderer.js:131:20)
            at async 
C:\Users\User\Documents\GitHub\forumapik\node_modules\p-map\index.js:57:22 {
          [cause]: Error: You are using a feature of the Docusaurus docs 
plugin, but this plugin does not seem to be enabled (pluginId=undefined
              at useDocsData (server.bundle.js:7452:376)
              at useActiveVersion (server.bundle.js:7456:51)
              ... 6 lines matching cause stack trace ...
              at retryNode (server.bundle.js:34288:16)
              at renderNodeDestructive (server.bundle.js:34082:7) {
            [cause]: Error: Docusaurus plugin global data not found for 
"docusaurus-plugin-content-docs" plugin with id "default".
                at usePluginData (server.bundle.js:6819:730)
                at useDocsData (server.bundle.js:7452:296)
                at useActiveVersion (server.bundle.js:7456:51)
                at SearchBar (server.bundle.js:12758:261)
                at renderWithHooks (server.bundle.js:33432:18)
                at renderElement (server.bundle.js:33570:14)
                at retryNode (server.bundle.js:34288:16)
                at renderNodeDestructive (server.bundle.js:34082:7)
                at renderElement (server.bundle.js:34015:11)
                at retryNode (server.bundle.js:34288:16)
          }
        },
        Error: Can't render static file for pathname "/berita/authors/apik"
            at generateStaticFile (C:\Users\User\Documents\GitHub\forumapik\nod
e_modules\@docusaurus\core\lib\ssg\ssgRenderer.js:131:20)
            at async 
C:\Users\User\Documents\GitHub\forumapik\node_modules\p-map\index.js:57:22 {
          [cause]: Error: You are using a feature of the Docusaurus docs 
plugin, but this plugin does not seem to be enabled (pluginId=undefined
              at useDocsData (server.bundle.js:7452:376)
              at useActiveVersion (server.bundle.js:7456:51)
              ... 6 lines matching cause stack trace ...
              at retryNode (server.bundle.js:34288:16)
              at renderNodeDestructive (server.bundle.js:34082:7) {
            [cause]: Error: Docusaurus plugin global data not found for 
"docusaurus-plugin-content-docs" plugin with id "default".
                at usePluginData (server.bundle.js:6819:730)
                at useDocsData (server.bundle.js:7452:296)
                at useActiveVersion (server.bundle.js:7456:51)
                at SearchBar (server.bundle.js:12758:261)
                at renderWithHooks (server.bundle.js:33432:18)
                at renderElement (server.bundle.js:33570:14)
                at retryNode (server.bundle.js:34288:16)
                at renderNodeDestructive (server.bundle.js:34082:7)
                at renderElement (server.bundle.js:34015:11)
                at retryNode (server.bundle.js:34288:16)
          }
        },
        Error: Can't render static file for pathname 
"/berita/kolaborasi-apik-atdikbud"
            at generateStaticFile (C:\Users\User\Documents\GitHub\forumapik\nod
e_modules\@docusaurus\core\lib\ssg\ssgRenderer.js:131:20)
            at async 
C:\Users\User\Documents\GitHub\forumapik\node_modules\p-map\index.js:57:22 {
          [cause]: Error: You are using a feature of the Docusaurus docs 
plugin, but this plugin does not seem to be enabled (pluginId=undefined
              at useDocsData (server.bundle.js:7452:376)
              at useActiveVersion (server.bundle.js:7456:51)
              ... 6 lines matching cause stack trace ...
              at retryNode (server.bundle.js:34288:16)
              at renderNodeDestructive (server.bundle.js:34082:7) {
            [cause]: Error: Docusaurus plugin global data not found for 
"docusaurus-plugin-content-docs" plugin with id "default".
                at usePluginData (server.bundle.js:6819:730)
                at useDocsData (server.bundle.js:7452:296)
                at useActiveVersion (server.bundle.js:7456:51)
                at SearchBar (server.bundle.js:12758:261)
                at renderWithHooks (server.bundle.js:33432:18)
                at renderElement (server.bundle.js:33570:14)
                at retryNode (server.bundle.js:34288:16)
                at renderNodeDestructive (server.bundle.js:34082:7)
                at renderElement (server.bundle.js:34015:11)
                at retryNode (server.bundle.js:34288:16)
          }
        },
        Error: Can't render static file for pathname 
"/berita/meet-the-team-pengurus-apik-2024-2026"
            at generateStaticFile (C:\Users\User\Documents\GitHub\forumapik\nod
e_modules\@docusaurus\core\lib\ssg\ssgRenderer.js:131:20)
            at async 
C:\Users\User\Documents\GitHub\forumapik\node_modules\p-map\index.js:57:22 {
          [cause]: Error: You are using a feature of the Docusaurus docs 
plugin, but this plugin does not seem to be enabled (pluginId=undefined
              at useDocsData (server.bundle.js:7452:376)
              at useActiveVersion (server.bundle.js:7456:51)
              ... 6 lines matching cause stack trace ...
              at retryNode (server.bundle.js:34288:16)
              at renderNodeDestructive (server.bundle.js:34082:7) {
            [cause]: Error: Docusaurus plugin global data not found for 
"docusaurus-plugin-content-docs" plugin with id "default".
                at usePluginData (server.bundle.js:6819:730)
                at useDocsData (server.bundle.js:7452:296)
                at useActiveVersion (server.bundle.js:7456:51)
                at SearchBar (server.bundle.js:12758:261)
                at renderWithHooks (server.bundle.js:33432:18)
                at renderElement (server.bundle.js:33570:14)
                at retryNode (server.bundle.js:34288:16)
                at renderNodeDestructive (server.bundle.js:34082:7)
                at renderElement (server.bundle.js:34015:11)
                at retryNode (server.bundle.js:34288:16)
          }
        },
        Error: Can't render static file for pathname 
"/berita/mini-workshop-ai-pendidikan"
            at generateStaticFile (C:\Users\User\Documents\GitHub\forumapik\nod
e_modules\@docusaurus\core\lib\ssg\ssgRenderer.js:131:20)
            at async 
C:\Users\User\Documents\GitHub\forumapik\node_modules\p-map\index.js:57:22 {
          [cause]: Error: You are using a feature of the Docusaurus docs 
plugin, but this plugin does not seem to be enabled (pluginId=undefined
              at useDocsData (server.bundle.js:7452:376)
              at useActiveVersion (server.bundle.js:7456:51)
              ... 6 lines matching cause stack trace ...
              at retryNode (server.bundle.js:34288:16)
              at renderNodeDestructive (server.bundle.js:34082:7) {
            [cause]: Error: Docusaurus plugin global data not found for 
"docusaurus-plugin-content-docs" plugin with id "default".
                at usePluginData (server.bundle.js:6819:730)
                at useDocsData (server.bundle.js:7452:296)
                at useActiveVersion (server.bundle.js:7456:51)
                at SearchBar (server.bundle.js:12758:261)
                at renderWithHooks (server.bundle.js:33432:18)
                at renderElement (server.bundle.js:33570:14)
                at retryNode (server.bundle.js:34288:16)
                at renderNodeDestructive (server.bundle.js:34082:7)
                at renderElement (server.bundle.js:34015:11)
                at retryNode (server.bundle.js:34288:16)
          }
        },
        Error: Can't render static file for pathname 
"/berita/perayaan-hut-ri-79-kbri-seoul"
            at generateStaticFile (C:\Users\User\Documents\GitHub\forumapik\nod
e_modules\@docusaurus\core\lib\ssg\ssgRenderer.js:131:20)
            at async 
C:\Users\User\Documents\GitHub\forumapik\node_modules\p-map\index.js:57:22 {
          [cause]: Error: You are using a feature of the Docusaurus docs 
plugin, but this plugin does not seem to be enabled (pluginId=undefined
              at useDocsData (server.bundle.js:7452:376)
              at useActiveVersion (server.bundle.js:7456:51)
              ... 6 lines matching cause stack trace ...
              at retryNode (server.bundle.js:34288:16)
              at renderNodeDestructive (server.bundle.js:34082:7) {
            [cause]: Error: Docusaurus plugin global data not found for 
"docusaurus-plugin-content-docs" plugin with id "default".
                at usePluginData (server.bundle.js:6819:730)
                at useDocsData (server.bundle.js:7452:296)
                at useActiveVersion (server.bundle.js:7456:51)
                at SearchBar (server.bundle.js:12758:261)
                at renderWithHooks (server.bundle.js:33432:18)
                at renderElement (server.bundle.js:33570:14)
                at retryNode (server.bundle.js:34288:16)
                at renderNodeDestructive (server.bundle.js:34082:7)
                at renderElement (server.bundle.js:34015:11)
                at retryNode (server.bundle.js:34288:16)
          }
        },
        Error: Can't render static file for pathname 
"/berita/seminar-perjalanan-timur-ke-barat"
            at generateStaticFile (C:\Users\User\Documents\GitHub\forumapik\nod
e_modules\@docusaurus\core\lib\ssg\ssgRenderer.js:131:20)
            at async 
C:\Users\User\Documents\GitHub\forumapik\node_modules\p-map\index.js:57:22 {
          [cause]: Error: You are using a feature of the Docusaurus docs 
plugin, but this plugin does not seem to be enabled (pluginId=undefined
              at useDocsData (server.bundle.js:7452:376)
              at useActiveVersion (server.bundle.js:7456:51)
              ... 6 lines matching cause stack trace ...
              at retryNode (server.bundle.js:34288:16)
              at renderNodeDestructive (server.bundle.js:34082:7) {
            [cause]: Error: Docusaurus plugin global data not found for 
"docusaurus-plugin-content-docs" plugin with id "default".
                at usePluginData (server.bundle.js:6819:730)
                at useDocsData (server.bundle.js:7452:296)
                at useActiveVersion (server.bundle.js:7456:51)
                at SearchBar (server.bundle.js:12758:261)
                at renderWithHooks (server.bundle.js:33432:18)
                at renderElement (server.bundle.js:33570:14)
                at retryNode (server.bundle.js:34288:16)
                at renderNodeDestructive (server.bundle.js:34082:7)
                at renderElement (server.bundle.js:34015:11)
                at retryNode (server.bundle.js:34288:16)
          }
        },
        Error: Can't render static file for pathname "/berita/tags"
            at generateStaticFile (C:\Users\User\Documents\GitHub\forumapik\nod
e_modules\@docusaurus\core\lib\ssg\ssgRenderer.js:131:20)
            at async 
C:\Users\User\Documents\GitHub\forumapik\node_modules\p-map\index.js:57:22 {
          [cause]: Error: You are using a feature of the Docusaurus docs 
plugin, but this plugin does not seem to be enabled (pluginId=undefined
              at useDocsData (server.bundle.js:7452:376)
              at useActiveVersion (server.bundle.js:7456:51)
              ... 6 lines matching cause stack trace ...
              at retryNode (server.bundle.js:34288:16)
              at renderNodeDestructive (server.bundle.js:34082:7) {
            [cause]: Error: Docusaurus plugin global data not found for 
"docusaurus-plugin-content-docs" plugin with id "default".
                at usePluginData (server.bundle.js:6819:730)
                at useDocsData (server.bundle.js:7452:296)
                at useActiveVersion (server.bundle.js:7456:51)
                at SearchBar (server.bundle.js:12758:261)
                at renderWithHooks (server.bundle.js:33432:18)
                at renderElement (server.bundle.js:33570:14)
                at retryNode (server.bundle.js:34288:16)
                at renderNodeDestructive (server.bundle.js:34082:7)
                at renderElement (server.bundle.js:34015:11)
                at retryNode (server.bundle.js:34288:16)
          }
        },
        Error: Can't render static file for pathname "/berita/tags/ai"
            at generateStaticFile (C:\Users\User\Documents\GitHub\forumapik\nod
e_modules\@docusaurus\core\lib\ssg\ssgRenderer.js:131:20)
            at async 
C:\Users\User\Documents\GitHub\forumapik\node_modules\p-map\index.js:57:22 {
          [cause]: Error: You are using a feature of the Docusaurus docs 
plugin, but this plugin does not seem to be enabled (pluginId=undefined
              at useDocsData (server.bundle.js:7452:376)
              at useActiveVersion (server.bundle.js:7456:51)
              ... 6 lines matching cause stack trace ...
              at retryNode (server.bundle.js:34288:16)
              at renderNodeDestructive (server.bundle.js:34082:7) {
            [cause]: Error: Docusaurus plugin global data not found for 
"docusaurus-plugin-content-docs" plugin with id "default".
                at usePluginData (server.bundle.js:6819:730)
                at useDocsData (server.bundle.js:7452:296)
                at useActiveVersion (server.bundle.js:7456:51)
                at SearchBar (server.bundle.js:12758:261)
                at renderWithHooks (server.bundle.js:33432:18)
                at renderElement (server.bundle.js:33570:14)
                at retryNode (server.bundle.js:34288:16)
                at renderNodeDestructive (server.bundle.js:34082:7)
                at renderElement (server.bundle.js:34015:11)
                at retryNode (server.bundle.js:34288:16)
          }
        },
        Error: Can't render static file for pathname "/berita/tags/argonne"
            at generateStaticFile (C:\Users\User\Documents\GitHub\forumapik\nod
e_modules\@docusaurus\core\lib\ssg\ssgRenderer.js:131:20)
            at async 
C:\Users\User\Documents\GitHub\forumapik\node_modules\p-map\index.js:57:22 {
          [cause]: Error: You are using a feature of the Docusaurus docs 
plugin, but this plugin does not seem to be enabled (pluginId=undefined
              at useDocsData (server.bundle.js:7452:376)
              at useActiveVersion (server.bundle.js:7456:51)
              ... 6 lines matching cause stack trace ...
              at retryNode (server.bundle.js:34288:16)
              at renderNodeDestructive (server.bundle.js:34082:7) {
            [cause]: Error: Docusaurus plugin global data not found for 
"docusaurus-plugin-content-docs" plugin with id "default".
                at usePluginData (server.bundle.js:6819:730)
                at useDocsData (server.bundle.js:7452:296)
                at useActiveVersion (server.bundle.js:7456:51)
                at SearchBar (server.bundle.js:12758:261)
                at renderWithHooks (server.bundle.js:33432:18)
                at renderElement (server.bundle.js:33570:14)
                at retryNode (server.bundle.js:34288:16)
                at renderNodeDestructive (server.bundle.js:34082:7)
                at renderElement (server.bundle.js:34015:11)
                at retryNode (server.bundle.js:34288:16)
          }
        },
        Error: Can't render static file for pathname "/berita/tags/atdikbud"
            at generateStaticFile (C:\Users\User\Documents\GitHub\forumapik\nod
e_modules\@docusaurus\core\lib\ssg\ssgRenderer.js:131:20)
            at async 
C:\Users\User\Documents\GitHub\forumapik\node_modules\p-map\index.js:57:22 {
          [cause]: Error: You are using a feature of the Docusaurus docs 
plugin, but this plugin does not seem to be enabled (pluginId=undefined
              at useDocsData (server.bundle.js:7452:376)
              at useActiveVersion (server.bundle.js:7456:51)
              ... 6 lines matching cause stack trace ...
              at retryNode (server.bundle.js:34288:16)
              at renderNodeDestructive (server.bundle.js:34082:7) {
            [cause]: Error: Docusaurus plugin global data not found for 
"docusaurus-plugin-content-docs" plugin with id "default".
                at usePluginData (server.bundle.js:6819:730)
                at useDocsData (server.bundle.js:7452:296)
                at useActiveVersion (server.bundle.js:7456:51)
                at SearchBar (server.bundle.js:12758:261)
                at renderWithHooks (server.bundle.js:33432:18)
                at renderElement (server.bundle.js:33570:14)
                at retryNode (server.bundle.js:34288:16)
                at renderNodeDestructive (server.bundle.js:34082:7)
                at renderElement (server.bundle.js:34015:11)
                at retryNode (server.bundle.js:34288:16)
          }
        },
        Error: Can't render static file for pathname "/berita/tags/dirgahayu"
            at generateStaticFile (C:\Users\User\Documents\GitHub\forumapik\nod
e_modules\@docusaurus\core\lib\ssg\ssgRenderer.js:131:20)
            at async 
C:\Users\User\Documents\GitHub\forumapik\node_modules\p-map\index.js:57:22 {
          [cause]: Error: You are using a feature of the Docusaurus docs 
plugin, but this plugin does not seem to be enabled (pluginId=undefined
              at useDocsData (server.bundle.js:7452:376)
              at useActiveVersion (server.bundle.js:7456:51)
              ... 6 lines matching cause stack trace ...
              at retryNode (server.bundle.js:34288:16)
              at renderNodeDestructive (server.bundle.js:34082:7) {
            [cause]: Error: Docusaurus plugin global data not found for 
"docusaurus-plugin-content-docs" plugin with id "default".
                at usePluginData (server.bundle.js:6819:730)
                at useDocsData (server.bundle.js:7452:296)
                at useActiveVersion (server.bundle.js:7456:51)
                at SearchBar (server.bundle.js:12758:261)
                at renderWithHooks (server.bundle.js:33432:18)
                at renderElement (server.bundle.js:33570:14)
                at retryNode (server.bundle.js:34288:16)
                at renderNodeDestructive (server.bundle.js:34082:7)
                at renderElement (server.bundle.js:34015:11)
                at retryNode (server.bundle.js:34288:16)
          }
        },
        Error: Can't render static file for pathname 
"/berita/tags/generative-ai"
            at generateStaticFile (C:\Users\User\Documents\GitHub\forumapik\nod
e_modules\@docusaurus\core\lib\ssg\ssgRenderer.js:131:20)
            at async 
C:\Users\User\Documents\GitHub\forumapik\node_modules\p-map\index.js:57:22 {
          [cause]: Error: You are using a feature of the Docusaurus docs 
plugin, but this plugin does not seem to be enabled (pluginId=undefined
              at useDocsData (server.bundle.js:7452:376)
              at useActiveVersion (server.bundle.js:7456:51)
              ... 6 lines matching cause stack trace ...
              at retryNode (server.bundle.js:34288:16)
              at renderNodeDestructive (server.bundle.js:34082:7) {
            [cause]: Error: Docusaurus plugin global data not found for 
"docusaurus-plugin-content-docs" plugin with id "default".
                at usePluginData (server.bundle.js:6819:730)
                at useDocsData (server.bundle.js:7452:296)
                at useActiveVersion (server.bundle.js:7456:51)
                at SearchBar (server.bundle.js:12758:261)
                at renderWithHooks (server.bundle.js:33432:18)
                at renderElement (server.bundle.js:33570:14)
                at retryNode (server.bundle.js:34288:16)
                at renderNodeDestructive (server.bundle.js:34082:7)
                at renderElement (server.bundle.js:34015:11)
                at retryNode (server.bundle.js:34288:16)
          }
        },
        Error: Can't render static file for pathname "/berita/tags/hut-ri"
            at generateStaticFile (C:\Users\User\Documents\GitHub\forumapik\nod
e_modules\@docusaurus\core\lib\ssg\ssgRenderer.js:131:20)
            at async 
C:\Users\User\Documents\GitHub\forumapik\node_modules\p-map\index.js:57:22 {
          [cause]: Error: You are using a feature of the Docusaurus docs 
plugin, but this plugin does not seem to be enabled (pluginId=undefined
              at useDocsData (server.bundle.js:7452:376)
              at useActiveVersion (server.bundle.js:7456:51)
              ... 6 lines matching cause stack trace ...
              at retryNode (server.bundle.js:34288:16)
              at renderNodeDestructive (server.bundle.js:34082:7) {
            [cause]: Error: Docusaurus plugin global data not found for 
"docusaurus-plugin-content-docs" plugin with id "default".
                at usePluginData (server.bundle.js:6819:730)
                at useDocsData (server.bundle.js:7452:296)
                at useActiveVersion (server.bundle.js:7456:51)
                at SearchBar (server.bundle.js:12758:261)
                at renderWithHooks (server.bundle.js:33432:18)
                at renderElement (server.bundle.js:33570:14)
                at retryNode (server.bundle.js:34288:16)
                at renderNodeDestructive (server.bundle.js:34082:7)
                at renderElement (server.bundle.js:34015:11)
                at retryNode (server.bundle.js:34288:16)
          }
        },
        Error: Can't render static file for pathname "/berita/tags/karir"
            at generateStaticFile (C:\Users\User\Documents\GitHub\forumapik\nod
e_modules\@docusaurus\core\lib\ssg\ssgRenderer.js:131:20)
            at async 
C:\Users\User\Documents\GitHub\forumapik\node_modules\p-map\index.js:57:22 {
          [cause]: Error: You are using a feature of the Docusaurus docs 
plugin, but this plugin does not seem to be enabled (pluginId=undefined
              at useDocsData (server.bundle.js:7452:376)
              at useActiveVersion (server.bundle.js:7456:51)
              ... 6 lines matching cause stack trace ...
              at retryNode (server.bundle.js:34288:16)
              at renderNodeDestructive (server.bundle.js:34082:7) {
            [cause]: Error: Docusaurus plugin global data not found for 
"docusaurus-plugin-content-docs" plugin with id "default".
                at usePluginData (server.bundle.js:6819:730)
                at useDocsData (server.bundle.js:7452:296)
                at useActiveVersion (server.bundle.js:7456:51)
                at SearchBar (server.bundle.js:12758:261)
                at renderWithHooks (server.bundle.js:33432:18)
                at renderElement (server.bundle.js:33570:14)
                at retryNode (server.bundle.js:34288:16)
                at renderNodeDestructive (server.bundle.js:34082:7)
                at renderElement (server.bundle.js:34015:11)
                at retryNode (server.bundle.js:34288:16)
          }
        },
        Error: Can't render static file for pathname "/berita/tags/kbri"
            at generateStaticFile (C:\Users\User\Documents\GitHub\forumapik\nod
e_modules\@docusaurus\core\lib\ssg\ssgRenderer.js:131:20)
            at async 
C:\Users\User\Documents\GitHub\forumapik\node_modules\p-map\index.js:57:22 {
          [cause]: Error: You are using a feature of the Docusaurus docs 
plugin, but this plugin does not seem to be enabled (pluginId=undefined
              at useDocsData (server.bundle.js:7452:376)
              at useActiveVersion (server.bundle.js:7456:51)
              ... 6 lines matching cause stack trace ...
              at retryNode (server.bundle.js:34288:16)
              at renderNodeDestructive (server.bundle.js:34082:7) {
            [cause]: Error: Docusaurus plugin global data not found for 
"docusaurus-plugin-content-docs" plugin with id "default".
                at usePluginData (server.bundle.js:6819:730)
                at useDocsData (server.bundle.js:7452:296)
                at useActiveVersion (server.bundle.js:7456:51)
                at SearchBar (server.bundle.js:12758:261)
                at renderWithHooks (server.bundle.js:33432:18)
                at renderElement (server.bundle.js:33570:14)
                at retryNode (server.bundle.js:34288:16)
                at renderNodeDestructive (server.bundle.js:34082:7)
                at renderElement (server.bundle.js:34015:11)
                at retryNode (server.bundle.js:34288:16)
          }
        },
        Error: Can't render static file for pathname "/berita/tags/kbri-seoul"
            at generateStaticFile (C:\Users\User\Documents\GitHub\forumapik\nod
e_modules\@docusaurus\core\lib\ssg\ssgRenderer.js:131:20)
            at async 
C:\Users\User\Documents\GitHub\forumapik\node_modules\p-map\index.js:57:22 {
          [cause]: Error: You are using a feature of the Docusaurus docs 
plugin, but this plugin does not seem to be enabled (pluginId=undefined
              at useDocsData (server.bundle.js:7452:376)
              at useActiveVersion (server.bundle.js:7456:51)
              ... 6 lines matching cause stack trace ...
              at retryNode (server.bundle.js:34288:16)
              at renderNodeDestructive (server.bundle.js:34082:7) {
            [cause]: Error: Docusaurus plugin global data not found for 
"docusaurus-plugin-content-docs" plugin with id "default".
                at usePluginData (server.bundle.js:6819:730)
                at useDocsData (server.bundle.js:7452:296)
                at useActiveVersion (server.bundle.js:7456:51)
                at SearchBar (server.bundle.js:12758:261)
                at renderWithHooks (server.bundle.js:33432:18)
                at renderElement (server.bundle.js:33570:14)
                at retryNode (server.bundle.js:34288:16)
                at renderNodeDestructive (server.bundle.js:34082:7)
                at renderElement (server.bundle.js:34015:11)
                at retryNode (server.bundle.js:34288:16)
          }
        },
        Error: Can't render static file for pathname "/berita/tags/kemerdekaan"
            at generateStaticFile (C:\Users\User\Documents\GitHub\forumapik\nod
e_modules\@docusaurus\core\lib\ssg\ssgRenderer.js:131:20)
            at async 
C:\Users\User\Documents\GitHub\forumapik\node_modules\p-map\index.js:57:22 {
          [cause]: Error: You are using a feature of the Docusaurus docs 
plugin, but this plugin does not seem to be enabled (pluginId=undefined
              at useDocsData (server.bundle.js:7452:376)
              at useActiveVersion (server.bundle.js:7456:51)
              ... 6 lines matching cause stack trace ...
              at retryNode (server.bundle.js:34288:16)
              at renderNodeDestructive (server.bundle.js:34082:7) {
            [cause]: Error: Docusaurus plugin global data not found for 
"docusaurus-plugin-content-docs" plugin with id "default".
                at usePluginData (server.bundle.js:6819:730)
                at useDocsData (server.bundle.js:7452:296)
                at useActiveVersion (server.bundle.js:7456:51)
                at SearchBar (server.bundle.js:12758:261)
                at renderWithHooks (server.bundle.js:33432:18)
                at renderElement (server.bundle.js:33570:14)
                at retryNode (server.bundle.js:34288:16)
                at renderNodeDestructive (server.bundle.js:34082:7)
                at renderElement (server.bundle.js:34015:11)
                at retryNode (server.bundle.js:34288:16)
          }
        },
        Error: Can't render static file for pathname 
"/berita/tags/kepengurusan"
            at generateStaticFile (C:\Users\User\Documents\GitHub\forumapik\nod
e_modules\@docusaurus\core\lib\ssg\ssgRenderer.js:131:20)
            at async 
C:\Users\User\Documents\GitHub\forumapik\node_modules\p-map\index.js:57:22 {
          [cause]: Error: You are using a feature of the Docusaurus docs 
plugin, but this plugin does not seem to be enabled (pluginId=undefined
              at useDocsData (server.bundle.js:7452:376)
              at useActiveVersion (server.bundle.js:7456:51)
              ... 6 lines matching cause stack trace ...
              at retryNode (server.bundle.js:34288:16)
              at renderNodeDestructive (server.bundle.js:34082:7) {
            [cause]: Error: Docusaurus plugin global data not found for 
"docusaurus-plugin-content-docs" plugin with id "default".
                at usePluginData (server.bundle.js:6819:730)
                at useDocsData (server.bundle.js:7452:296)
                at useActiveVersion (server.bundle.js:7456:51)
                at SearchBar (server.bundle.js:12758:261)
                at renderWithHooks (server.bundle.js:33432:18)
                at renderElement (server.bundle.js:33570:14)
                at retryNode (server.bundle.js:34288:16)
                at renderNodeDestructive (server.bundle.js:34082:7)
                at renderElement (server.bundle.js:34015:11)
                at retryNode (server.bundle.js:34288:16)
          }
        },
        Error: Can't render static file for pathname "/berita/tags/kerjasama"
            at generateStaticFile (C:\Users\User\Documents\GitHub\forumapik\nod
e_modules\@docusaurus\core\lib\ssg\ssgRenderer.js:131:20)
            at async 
C:\Users\User\Documents\GitHub\forumapik\node_modules\p-map\index.js:57:22 {
          [cause]: Error: You are using a feature of the Docusaurus docs 
plugin, but this plugin does not seem to be enabled (pluginId=undefined
              at useDocsData (server.bundle.js:7452:376)
              at useActiveVersion (server.bundle.js:7456:51)
              ... 6 lines matching cause stack trace ...
              at retryNode (server.bundle.js:34288:16)
              at renderNodeDestructive (server.bundle.js:34082:7) {
            [cause]: Error: Docusaurus plugin global data not found for 
"docusaurus-plugin-content-docs" plugin with id "default".
                at usePluginData (server.bundle.js:6819:730)
                at useDocsData (server.bundle.js:7452:296)
                at useActiveVersion (server.bundle.js:7456:51)
                at SearchBar (server.bundle.js:12758:261)
                at renderWithHooks (server.bundle.js:33432:18)
                at renderElement (server.bundle.js:33570:14)
                at retryNode (server.bundle.js:34288:16)
                at renderNodeDestructive (server.bundle.js:34082:7)
                at renderElement (server.bundle.js:34015:11)
                at retryNode (server.bundle.js:34288:16)
          }
        },
        Error: Can't render static file for pathname "/berita/tags/kolaborasi"
            at generateStaticFile (C:\Users\User\Documents\GitHub\forumapik\nod
e_modules\@docusaurus\core\lib\ssg\ssgRenderer.js:131:20)
            at async 
C:\Users\User\Documents\GitHub\forumapik\node_modules\p-map\index.js:57:22 {
          [cause]: Error: You are using a feature of the Docusaurus docs 
plugin, but this plugin does not seem to be enabled (pluginId=undefined
              at useDocsData (server.bundle.js:7452:376)
              at useActiveVersion (server.bundle.js:7456:51)
              ... 6 lines matching cause stack trace ...
              at retryNode (server.bundle.js:34288:16)
              at renderNodeDestructive (server.bundle.js:34082:7) {
            [cause]: Error: Docusaurus plugin global data not found for 
"docusaurus-plugin-content-docs" plugin with id "default".
                at usePluginData (server.bundle.js:6819:730)
                at useDocsData (server.bundle.js:7452:296)
                at useActiveVersion (server.bundle.js:7456:51)
                at SearchBar (server.bundle.js:12758:261)
                at renderWithHooks (server.bundle.js:33432:18)
                at renderElement (server.bundle.js:33570:14)
                at retryNode (server.bundle.js:34288:16)
                at renderNodeDestructive (server.bundle.js:34082:7)
                at renderElement (server.bundle.js:34015:11)
                at retryNode (server.bundle.js:34288:16)
          }
        },
        Error: Can't render static file for pathname "/berita/tags/organisasi"
            at generateStaticFile (C:\Users\User\Documents\GitHub\forumapik\nod
e_modules\@docusaurus\core\lib\ssg\ssgRenderer.js:131:20)
            at async 
C:\Users\User\Documents\GitHub\forumapik\node_modules\p-map\index.js:57:22 {
          [cause]: Error: You are using a feature of the Docusaurus docs 
plugin, but this plugin does not seem to be enabled (pluginId=undefined
              at useDocsData (server.bundle.js:7452:376)
              at useActiveVersion (server.bundle.js:7456:51)
              ... 6 lines matching cause stack trace ...
              at retryNode (server.bundle.js:34288:16)
              at renderNodeDestructive (server.bundle.js:34082:7) {
            [cause]: Error: Docusaurus plugin global data not found for 
"docusaurus-plugin-content-docs" plugin with id "default".
                at usePluginData (server.bundle.js:6819:730)
                at useDocsData (server.bundle.js:7452:296)
                at useActiveVersion (server.bundle.js:7456:51)
                at SearchBar (server.bundle.js:12758:261)
                at renderWithHooks (server.bundle.js:33432:18)
                at renderElement (server.bundle.js:33570:14)
                at retryNode (server.bundle.js:34288:16)
                at renderNodeDestructive (server.bundle.js:34082:7)
                at renderElement (server.bundle.js:34015:11)
                at retryNode (server.bundle.js:34288:16)
          }
        },
        Error: Can't render static file for pathname "/berita/tags/pendidikan"
            at generateStaticFile (C:\Users\User\Documents\GitHub\forumapik\nod
e_modules\@docusaurus\core\lib\ssg\ssgRenderer.js:131:20)
            at async 
C:\Users\User\Documents\GitHub\forumapik\node_modules\p-map\index.js:57:22 {
          [cause]: Error: You are using a feature of the Docusaurus docs 
plugin, but this plugin does not seem to be enabled (pluginId=undefined
              at useDocsData (server.bundle.js:7452:376)
              at useActiveVersion (server.bundle.js:7456:51)
              ... 6 lines matching cause stack trace ...
              at retryNode (server.bundle.js:34288:16)
              at renderNodeDestructive (server.bundle.js:34082:7) {
            [cause]: Error: Docusaurus plugin global data not found for 
"docusaurus-plugin-content-docs" plugin with id "default".
                at usePluginData (server.bundle.js:6819:730)
                at useDocsData (server.bundle.js:7452:296)
                at useActiveVersion (server.bundle.js:7456:51)
                at SearchBar (server.bundle.js:12758:261)
                at renderWithHooks (server.bundle.js:33432:18)
                at renderElement (server.bundle.js:33570:14)
                at retryNode (server.bundle.js:34288:16)
                at renderNodeDestructive (server.bundle.js:34082:7)
                at renderElement (server.bundle.js:34015:11)
                at retryNode (server.bundle.js:34288:16)
          }
        },
        Error: Can't render static file for pathname "/berita/tags/peneliti"
            at generateStaticFile (C:\Users\User\Documents\GitHub\forumapik\nod
e_modules\@docusaurus\core\lib\ssg\ssgRenderer.js:131:20)
            at async 
C:\Users\User\Documents\GitHub\forumapik\node_modules\p-map\index.js:57:22 {
          [cause]: Error: You are using a feature of the Docusaurus docs 
plugin, but this plugin does not seem to be enabled (pluginId=undefined
              at useDocsData (server.bundle.js:7452:376)
              at useActiveVersion (server.bundle.js:7456:51)
              ... 6 lines matching cause stack trace ...
              at retryNode (server.bundle.js:34288:16)
              at renderNodeDestructive (server.bundle.js:34082:7) {
            [cause]: Error: Docusaurus plugin global data not found for 
"docusaurus-plugin-content-docs" plugin with id "default".
                at usePluginData (server.bundle.js:6819:730)
                at useDocsData (server.bundle.js:7452:296)
                at useActiveVersion (server.bundle.js:7456:51)
                at SearchBar (server.bundle.js:12758:261)
                at renderWithHooks (server.bundle.js:33432:18)
                at renderElement (server.bundle.js:33570:14)
                at retryNode (server.bundle.js:34288:16)
                at renderNodeDestructive (server.bundle.js:34082:7)
                at renderElement (server.bundle.js:34015:11)
                at retryNode (server.bundle.js:34288:16)
          }
        },
        Error: Can't render static file for pathname "/berita/tags/pengurus"
            at generateStaticFile (C:\Users\User\Documents\GitHub\forumapik\nod
e_modules\@docusaurus\core\lib\ssg\ssgRenderer.js:131:20)
            at async 
C:\Users\User\Documents\GitHub\forumapik\node_modules\p-map\index.js:57:22 {
          [cause]: Error: You are using a feature of the Docusaurus docs 
plugin, but this plugin does not seem to be enabled (pluginId=undefined
              at useDocsData (server.bundle.js:7452:376)
              at useActiveVersion (server.bundle.js:7456:51)
              ... 6 lines matching cause stack trace ...
              at retryNode (server.bundle.js:34288:16)
              at renderNodeDestructive (server.bundle.js:34082:7) {
            [cause]: Error: Docusaurus plugin global data not found for 
"docusaurus-plugin-content-docs" plugin with id "default".
                at usePluginData (server.bundle.js:6819:730)
                at useDocsData (server.bundle.js:7452:296)
                at useActiveVersion (server.bundle.js:7456:51)
                at SearchBar (server.bundle.js:12758:261)
                at renderWithHooks (server.bundle.js:33432:18)
                at renderElement (server.bundle.js:33570:14)
                at retryNode (server.bundle.js:34288:16)
                at renderNodeDestructive (server.bundle.js:34082:7)
                at renderElement (server.bundle.js:34015:11)
                at retryNode (server.bundle.js:34288:16)
          }
        },
        Error: Can't render static file for pathname "/berita/tags/seminar"
            at generateStaticFile (C:\Users\User\Documents\GitHub\forumapik\nod
e_modules\@docusaurus\core\lib\ssg\ssgRenderer.js:131:20)
            at async 
C:\Users\User\Documents\GitHub\forumapik\node_modules\p-map\index.js:57:22 {
          [cause]: Error: You are using a feature of the Docusaurus docs 
plugin, but this plugin does not seem to be enabled (pluginId=undefined
              at useDocsData (server.bundle.js:7452:376)
              at useActiveVersion (server.bundle.js:7456:51)
              ... 6 lines matching cause stack trace ...
              at retryNode (server.bundle.js:34288:16)
              at renderNodeDestructive (server.bundle.js:34082:7) {
            [cause]: Error: Docusaurus plugin global data not found for 
"docusaurus-plugin-content-docs" plugin with id "default".
                at usePluginData (server.bundle.js:6819:730)
                at useDocsData (server.bundle.js:7452:296)
                at useActiveVersion (server.bundle.js:7456:51)
                at SearchBar (server.bundle.js:12758:261)
                at renderWithHooks (server.bundle.js:33432:18)
                at renderElement (server.bundle.js:33570:14)
                at retryNode (server.bundle.js:34288:16)
                at renderNodeDestructive (server.bundle.js:34082:7)
                at renderElement (server.bundle.js:34015:11)
                at retryNode (server.bundle.js:34288:16)
          }
        },
        Error: Can't render static file for pathname "/berita/tags/tim"
            at generateStaticFile (C:\Users\User\Documents\GitHub\forumapik\nod
e_modules\@docusaurus\core\lib\ssg\ssgRenderer.js:131:20)
            at async 
C:\Users\User\Documents\GitHub\forumapik\node_modules\p-map\index.js:57:22 {
          [cause]: Error: You are using a feature of the Docusaurus docs 
plugin, but this plugin does not seem to be enabled (pluginId=undefined
              at useDocsData (server.bundle.js:7452:376)
              at useActiveVersion (server.bundle.js:7456:51)
              ... 6 lines matching cause stack trace ...
              at retryNode (server.bundle.js:34288:16)
              at renderNodeDestructive (server.bundle.js:34082:7) {
            [cause]: Error: Docusaurus plugin global data not found for 
"docusaurus-plugin-content-docs" plugin with id "default".
                at usePluginData (server.bundle.js:6819:730)
                at useDocsData (server.bundle.js:7452:296)
                at useActiveVersion (server.bundle.js:7456:51)
                at SearchBar (server.bundle.js:12758:261)
                at renderWithHooks (server.bundle.js:33432:18)
                at renderElement (server.bundle.js:33570:14)
                at retryNode (server.bundle.js:34288:16)
                at renderNodeDestructive (server.bundle.js:34082:7)
                at renderElement (server.bundle.js:34015:11)
                at retryNode (server.bundle.js:34288:16)
          }
        },
        Error: Can't render static file for pathname "/berita/tags/webinar"
            at generateStaticFile (C:\Users\User\Documents\GitHub\forumapik\nod
e_modules\@docusaurus\core\lib\ssg\ssgRenderer.js:131:20)
            at async 
C:\Users\User\Documents\GitHub\forumapik\node_modules\p-map\index.js:57:22 {
          [cause]: Error: You are using a feature of the Docusaurus docs 
plugin, but this plugin does not seem to be enabled (pluginId=undefined
              at useDocsData (server.bundle.js:7452:376)
              at useActiveVersion (server.bundle.js:7456:51)
              ... 6 lines matching cause stack trace ...
              at retryNode (server.bundle.js:34288:16)
              at renderNodeDestructive (server.bundle.js:34082:7) {
            [cause]: Error: Docusaurus plugin global data not found for 
"docusaurus-plugin-content-docs" plugin with id "default".
                at usePluginData (server.bundle.js:6819:730)
                at useDocsData (server.bundle.js:7452:296)
                at useActiveVersion (server.bundle.js:7456:51)
                at SearchBar (server.bundle.js:12758:261)
                at renderWithHooks (server.bundle.js:33432:18)
                at renderElement (server.bundle.js:33570:14)
                at retryNode (server.bundle.js:34288:16)
                at renderNodeDestructive (server.bundle.js:34082:7)
                at renderElement (server.bundle.js:34015:11)
                at retryNode (server.bundle.js:34288:16)
          }
        },
        Error: Can't render static file for pathname "/berita/tags/workshop"
            at generateStaticFile (C:\Users\User\Documents\GitHub\forumapik\nod
e_modules\@docusaurus\core\lib\ssg\ssgRenderer.js:131:20)
            at async 
C:\Users\User\Documents\GitHub\forumapik\node_modules\p-map\index.js:57:22 {
          [cause]: Error: You are using a feature of the Docusaurus docs 
plugin, but this plugin does not seem to be enabled (pluginId=undefined
              at useDocsData (server.bundle.js:7452:376)
              at useActiveVersion (server.bundle.js:7456:51)
              ... 6 lines matching cause stack trace ...
              at retryNode (server.bundle.js:34288:16)
              at renderNodeDestructive (server.bundle.js:34082:7) {
            [cause]: Error: Docusaurus plugin global data not found for 
"docusaurus-plugin-content-docs" plugin with id "default".
                at usePluginData (server.bundle.js:6819:730)
                at useDocsData (server.bundle.js:7452:296)
                at useActiveVersion (server.bundle.js:7456:51)
                at SearchBar (server.bundle.js:12758:261)
                at renderWithHooks (server.bundle.js:33432:18)
                at renderElement (server.bundle.js:33570:14)
                at retryNode (server.bundle.js:34288:16)
                at renderNodeDestructive (server.bundle.js:34082:7)
                at renderElement (server.bundle.js:34015:11)
                at retryNode (server.bundle.js:34288:16)
          }
        },
        Error: Can't render static file for pathname "/keanggotaan/"
            at generateStaticFile (C:\Users\User\Documents\GitHub\forumapik\nod
e_modules\@docusaurus\core\lib\ssg\ssgRenderer.js:131:20)
            at async 
C:\Users\User\Documents\GitHub\forumapik\node_modules\p-map\index.js:57:22 {
          [cause]: Error: You are using a feature of the Docusaurus docs 
plugin, but this plugin does not seem to be enabled (pluginId=undefined
              at useDocsData (server.bundle.js:7452:376)
              at useActiveVersion (server.bundle.js:7456:51)
              ... 6 lines matching cause stack trace ...
              at retryNode (server.bundle.js:34288:16)
              at renderNodeDestructive (server.bundle.js:34082:7) {
            [cause]: Error: Docusaurus plugin global data not found for 
"docusaurus-plugin-content-docs" plugin with id "default".
                at usePluginData (server.bundle.js:6819:730)
                at useDocsData (server.bundle.js:7452:296)
                at useActiveVersion (server.bundle.js:7456:51)
                at SearchBar (server.bundle.js:12758:261)
                at renderWithHooks (server.bundle.js:33432:18)
                at renderElement (server.bundle.js:33570:14)
                at retryNode (server.bundle.js:34288:16)
                at renderNodeDestructive (server.bundle.js:34082:7)
                at renderElement (server.bundle.js:34015:11)
                at retryNode (server.bundle.js:34288:16)
          }
        },
        Error: Can't render static file for pathname "/kerjasama/"
            at generateStaticFile (C:\Users\User\Documents\GitHub\forumapik\nod
e_modules\@docusaurus\core\lib\ssg\ssgRenderer.js:131:20)
            at async 
C:\Users\User\Documents\GitHub\forumapik\node_modules\p-map\index.js:57:22 {
          [cause]: Error: You are using a feature of the Docusaurus docs 
plugin, but this plugin does not seem to be enabled (pluginId=undefined
              at useDocsData (server.bundle.js:7452:376)
              at useActiveVersion (server.bundle.js:7456:51)
              ... 6 lines matching cause stack trace ...
              at retryNode (server.bundle.js:34288:16)
              at renderNodeDestructive (server.bundle.js:34082:7) {
            [cause]: Error: Docusaurus plugin global data not found for 
"docusaurus-plugin-content-docs" plugin with id "default".
                at usePluginData (server.bundle.js:6819:730)
                at useDocsData (server.bundle.js:7452:296)
                at useActiveVersion (server.bundle.js:7456:51)
                at SearchBar (server.bundle.js:12758:261)
                at renderWithHooks (server.bundle.js:33432:18)
                at renderElement (server.bundle.js:33570:14)
                at retryNode (server.bundle.js:34288:16)
                at renderNodeDestructive (server.bundle.js:34082:7)
                at renderElement (server.bundle.js:34015:11)
                at retryNode (server.bundle.js:34288:16)
          }
        },
        Error: Can't render static file for pathname "/markdown-page"
            at generateStaticFile (C:\Users\User\Documents\GitHub\forumapik\nod
e_modules\@docusaurus\core\lib\ssg\ssgRenderer.js:131:20)
            at async 
C:\Users\User\Documents\GitHub\forumapik\node_modules\p-map\index.js:57:22 {
          [cause]: Error: You are using a feature of the Docusaurus docs 
plugin, but this plugin does not seem to be enabled (pluginId=undefined
              at useDocsData (server.bundle.js:7452:376)
              at useActiveVersion (server.bundle.js:7456:51)
              ... 6 lines matching cause stack trace ...
              at retryNode (server.bundle.js:34288:16)
              at renderNodeDestructive (server.bundle.js:34082:7) {
            [cause]: Error: Docusaurus plugin global data not found for 
"docusaurus-plugin-content-docs" plugin with id "default".
                at usePluginData (server.bundle.js:6819:730)
                at useDocsData (server.bundle.js:7452:296)
                at useActiveVersion (server.bundle.js:7456:51)
                at SearchBar (server.bundle.js:12758:261)
                at renderWithHooks (server.bundle.js:33432:18)
                at renderElement (server.bundle.js:33570:14)
                at retryNode (server.bundle.js:34288:16)
                at renderNodeDestructive (server.bundle.js:34082:7)
                at renderElement (server.bundle.js:34015:11)
                at retryNode (server.bundle.js:34288:16)
          }
        },
        Error: Can't render static file for pathname "/organisasi/"
            at generateStaticFile (C:\Users\User\Documents\GitHub\forumapik\nod
e_modules\@docusaurus\core\lib\ssg\ssgRenderer.js:131:20)
            at async 
C:\Users\User\Documents\GitHub\forumapik\node_modules\p-map\index.js:57:22 {
          [cause]: Error: You are using a feature of the Docusaurus docs 
plugin, but this plugin does not seem to be enabled (pluginId=undefined
              at useDocsData (server.bundle.js:7452:376)
              at useActiveVersion (server.bundle.js:7456:51)
              ... 6 lines matching cause stack trace ...
              at retryNode (server.bundle.js:34288:16)
              at renderNodeDestructive (server.bundle.js:34082:7) {
            [cause]: Error: Docusaurus plugin global data not found for 
"docusaurus-plugin-content-docs" plugin with id "default".
                at usePluginData (server.bundle.js:6819:730)
                at useDocsData (server.bundle.js:7452:296)
                at useActiveVersion (server.bundle.js:7456:51)
                at SearchBar (server.bundle.js:12758:261)
                at renderWithHooks (server.bundle.js:33432:18)
                at renderElement (server.bundle.js:33570:14)
                at retryNode (server.bundle.js:34288:16)
                at renderNodeDestructive (server.bundle.js:34082:7)
                at renderElement (server.bundle.js:34015:11)
                at retryNode (server.bundle.js:34288:16)
          }
        },
        Error: Can't render static file for pathname "/search"
            at generateStaticFile (C:\Users\User\Documents\GitHub\forumapik\nod
e_modules\@docusaurus\core\lib\ssg\ssgRenderer.js:131:20)
            at async 
C:\Users\User\Documents\GitHub\forumapik\node_modules\p-map\index.js:57:22 {
          [cause]: Error: You are using a feature of the Docusaurus docs 
plugin, but this plugin does not seem to be enabled (pluginId=undefined
              at useDocsData (server.bundle.js:7452:376)
              at useActiveVersion (server.bundle.js:7456:51)
              ... 6 lines matching cause stack trace ...
              at retryNode (server.bundle.js:34288:16)
              at renderNodeDestructive (server.bundle.js:34082:7) {
            [cause]: Error: Docusaurus plugin global data not found for 
"docusaurus-plugin-content-docs" plugin with id "default".
                at usePluginData (server.bundle.js:6819:730)
                at useDocsData (server.bundle.js:7452:296)
                at useActiveVersion (server.bundle.js:7456:51)
                at SearchBar (server.bundle.js:12758:261)
                at renderWithHooks (server.bundle.js:33432:18)
                at renderElement (server.bundle.js:33570:14)
                at retryNode (server.bundle.js:34288:16)
                at renderNodeDestructive (server.bundle.js:34082:7)
                at renderElement (server.bundle.js:34015:11)
                at retryNode (server.bundle.js:34288:16)
          }
        },
        Error: Can't render static file for pathname "/tentang/logo"
            at generateStaticFile (C:\Users\User\Documents\GitHub\forumapik\nod
e_modules\@docusaurus\core\lib\ssg\ssgRenderer.js:131:20)
            at async 
C:\Users\User\Documents\GitHub\forumapik\node_modules\p-map\index.js:57:22 {
          [cause]: Error: You are using a feature of the Docusaurus docs 
plugin, but this plugin does not seem to be enabled (pluginId=undefined
              at useDocsData (server.bundle.js:7452:376)
              at useActiveVersion (server.bundle.js:7456:51)
              ... 6 lines matching cause stack trace ...
              at retryNode (server.bundle.js:34288:16)
              at renderNodeDestructive (server.bundle.js:34082:7) {
            [cause]: Error: Docusaurus plugin global data not found for 
"docusaurus-plugin-content-docs" plugin with id "default".
                at usePluginData (server.bundle.js:6819:730)
                at useDocsData (server.bundle.js:7452:296)
                at useActiveVersion (server.bundle.js:7456:51)
                at SearchBar (server.bundle.js:12758:261)
                at renderWithHooks (server.bundle.js:33432:18)
                at renderElement (server.bundle.js:33570:14)
                at retryNode (server.bundle.js:34288:16)
                at renderNodeDestructive (server.bundle.js:34082:7)
                at renderElement (server.bundle.js:34015:11)
                at retryNode (server.bundle.js:34288:16)
          }
        },
        Error: Can't render static file for pathname "/tentang/pengurus"
            at generateStaticFile (C:\Users\User\Documents\GitHub\forumapik\nod
e_modules\@docusaurus\core\lib\ssg\ssgRenderer.js:131:20)
            at async 
C:\Users\User\Documents\GitHub\forumapik\node_modules\p-map\index.js:57:22 {
          [cause]: Error: You are using a feature of the Docusaurus docs 
plugin, but this plugin does not seem to be enabled (pluginId=undefined
[INFO] Docusaurus version: 3.9.2
Node version: v24.14.0
              at useDocsData (server.bundle.js:7452:376)
              at useActiveVersion (server.bundle.js:7456:51)
              ... 6 lines matching cause stack trace ...
              at retryNode (server.bundle.js:34288:16)
              at renderNodeDestructive (server.bundle.js:34082:7) {
            [cause]: Error: Docusaurus plugin global data not found for 
"docusaurus-plugin-content-docs" plugin with id "default".
                at usePluginData (server.bundle.js:6819:730)
                at useDocsData (server.bundle.js:7452:296)
                at useActiveVersion (server.bundle.js:7456:51)
                at SearchBar (server.bundle.js:12758:261)
                at renderWithHooks (server.bundle.js:33432:18)
                at renderElement (server.bundle.js:33570:14)
                at retryNode (server.bundle.js:34288:16)
                at renderNodeDestructive (server.bundle.js:34082:7)
                at renderElement (server.bundle.js:34015:11)
                at retryNode (server.bundle.js:34288:16)
          }
        },
        Error: Can't render static file for pathname "/tentang/sejarah"
            at generateStaticFile (C:\Users\User\Documents\GitHub\forumapik\nod
e_modules\@docusaurus\core\lib\ssg\ssgRenderer.js:131:20)
            at async 
C:\Users\User\Documents\GitHub\forumapik\node_modules\p-map\index.js:57:22 {
          [cause]: Error: You are using a feature of the Docusaurus docs 
plugin, but this plugin does not seem to be enabled (pluginId=undefined
              at useDocsData (server.bundle.js:7452:376)
              at useActiveVersion (server.bundle.js:7456:51)
              ... 6 lines matching cause stack trace ...
              at retryNode (server.bundle.js:34288:16)
              at renderNodeDestructive (server.bundle.js:34082:7) {
            [cause]: Error: Docusaurus plugin global data not found for 
"docusaurus-plugin-content-docs" plugin with id "default".
                at usePluginData (server.bundle.js:6819:730)
                at useDocsData (server.bundle.js:7452:296)
                at useActiveVersion (server.bundle.js:7456:51)
                at SearchBar (server.bundle.js:12758:261)
                at renderWithHooks (server.bundle.js:33432:18)
                at renderElement (server.bundle.js:33570:14)
                at retryNode (server.bundle.js:34288:16)
                at renderNodeDestructive (server.bundle.js:34082:7)
                at renderElement (server.bundle.js:34015:11)
                at retryNode (server.bundle.js:34288:16)
          }
        },
        Error: Can't render static file for pathname "/tentang/visi-misi"
            at generateStaticFile (C:\Users\User\Documents\GitHub\forumapik\nod
e_modules\@docusaurus\core\lib\ssg\ssgRenderer.js:131:20)
            at async 
C:\Users\User\Documents\GitHub\forumapik\node_modules\p-map\index.js:57:22 {
          [cause]: Error: You are using a feature of the Docusaurus docs 
plugin, but this plugin does not seem to be enabled (pluginId=undefined
              at useDocsData (server.bundle.js:7452:376)
              at useActiveVersion (server.bundle.js:7456:51)
              ... 6 lines matching cause stack trace ...
              at retryNode (server.bundle.js:34288:16)
              at renderNodeDestructive (server.bundle.js:34082:7) {
            [cause]: Error: Docusaurus plugin global data not found for 
"docusaurus-plugin-content-docs" plugin with id "default".
                at usePluginData (server.bundle.js:6819:730)
                at useDocsData (server.bundle.js:7452:296)
                at useActiveVersion (server.bundle.js:7456:51)
                at SearchBar (server.bundle.js:12758:261)
                at renderWithHooks (server.bundle.js:33432:18)
                at renderElement (server.bundle.js:33570:14)
                at retryNode (server.bundle.js:34288:16)
                at renderNodeDestructive (server.bundle.js:34082:7)
                at renderElement (server.bundle.js:34015:11)
                at retryNode (server.bundle.js:34288:16)
          }
        },
        Error: Can't render static file for pathname "/"
            at generateStaticFile (C:\Users\User\Documents\GitHub\forumapik\nod
e_modules\@docusaurus\core\lib\ssg\ssgRenderer.js:131:20)
            at async 
C:\Users\User\Documents\GitHub\forumapik\node_modules\p-map\index.js:57:22 {
          [cause]: Error: You are using a feature of the Docusaurus docs 
plugin, but this plugin does not seem to be enabled (pluginId=undefined
              at useDocsData (server.bundle.js:7452:376)
              at useActiveVersion (server.bundle.js:7456:51)
              ... 6 lines matching cause stack trace ...
              at retryNode (server.bundle.js:34288:16)
              at renderNodeDestructive (server.bundle.js:34082:7) {
            [cause]: Error: Docusaurus plugin global data not found for 
"docusaurus-plugin-content-docs" plugin with id "default".
                at usePluginData (server.bundle.js:6819:730)
                at useDocsData (server.bundle.js:7452:296)
                at useActiveVersion (server.bundle.js:7456:51)
                at SearchBar (server.bundle.js:12758:261)
                at renderWithHooks (server.bundle.js:33432:18)
                at renderElement (server.bundle.js:33570:14)
                at retryNode (server.bundle.js:34288:16)
                at renderNodeDestructive (server.bundle.js:34082:7)
                at renderElement (server.bundle.js:34015:11)
                at retryNode (server.bundle.js:34288:16)
          }
        }
      ]
    }
  }
}
